QA output created by 651
fsync: Input/output error
